

================================================================
== Vivado HLS Report for 'CMFfixMult2'
================================================================
* Date:           Sun Aug 16 11:53:59 2020

* Version:        2018.3 (Build 2405991 on Thu Dec 06 23:56:15 MST 2018)
* Project:        CMFfixmult2
* Solution:       solution1
* Product family: aartix7
* Target device:  xa7a12tcsg325-1q


================================================================
== Performance Estimates
================================================================
+ Timing (ns): 
    * Summary: 
    +--------+-------+----------+------------+
    |  Clock | Target| Estimated| Uncertainty|
    +--------+-------+----------+------------+
    |ap_clk  |  10.00|     7.180|        1.25|
    +--------+-------+----------+------------+

+ Latency (clock cycles): 
    * Summary: 
    +-----+-----+-----+-----+---------+
    |  Latency  |  Interval | Pipeline|
    | min | max | min | max |   Type  |
    +-----+-----+-----+-----+---------+
    |    0|    0|    0|    0|   none  |
    +-----+-----+-----+-----+---------+

    + Detail: 
        * Instance: 
        N/A

        * Loop: 
        N/A

============================================================
+ Verbose Summary: Synthesis Manager
============================================================
InlineROM: 1
ExposeGlobal: 0
============================================================
+ Verbose Summary: CDFG Model
============================================================
IsTopModel: 1
ResetActiveHigh: 1
IsCombinational: 0
IsDatapathOnly: 0
HasWiredReturn: 1
HasMFsm: 0
HasVarLatency: 0
IsPipeline: 0
IsRtlPipelined: 0
IsInstanceOverlapped: 0
IsDontTouch: 0
HasImplIP: 0
IsGatedGlobalClock: 0


============================================================
+ Verbose Summary: Schedule
============================================================
* Number of FSM states : 1
* Pipeline : 0
* Dataflow Pipeline: 0

* FSM state transitions: 
1 --> 

* FSM state operations: 

State 1 <SV = 0> <Delay = 7.18>
ST_1 : Operation 2 [1/1] (0.00ns)   --->   "call void (...)* @_ssdm_op_SpecBitsMap(i18 %EntradaA1_V), !map !63"   --->   Operation 2 'specbitsmap' <Predicate = true> <Delay = 0.00>
ST_1 : Operation 3 [1/1] (0.00ns)   --->   "call void (...)* @_ssdm_op_SpecBitsMap(i18 %EntradaA2_V), !map !69"   --->   Operation 3 'specbitsmap' <Predicate = true> <Delay = 0.00>
ST_1 : Operation 4 [1/1] (0.00ns)   --->   "call void (...)* @_ssdm_op_SpecBitsMap(i18* %SaidaA1_V), !map !73"   --->   Operation 4 'specbitsmap' <Predicate = true> <Delay = 0.00>
ST_1 : Operation 5 [1/1] (0.00ns)   --->   "call void (...)* @_ssdm_op_SpecBitsMap(i18* %SaidaA2_V), !map !79"   --->   Operation 5 'specbitsmap' <Predicate = true> <Delay = 0.00>
ST_1 : Operation 6 [1/1] (0.00ns)   --->   "call void (...)* @_ssdm_op_SpecBitsMap(i9* %SaidaB1_V), !map !83"   --->   Operation 6 'specbitsmap' <Predicate = true> <Delay = 0.00>
ST_1 : Operation 7 [1/1] (0.00ns)   --->   "call void (...)* @_ssdm_op_SpecTopModule([12 x i8]* @CMFfixMult2_str) nounwind"   --->   Operation 7 'spectopmodule' <Predicate = true> <Delay = 0.00>
ST_1 : Operation 8 [1/1] (0.00ns)   --->   "%EntradaA2_V_read = call i18 @_ssdm_op_Read.ap_auto.i18(i18 %EntradaA2_V)" [CMFfixmult2.cpp:8]   --->   Operation 8 'read' 'EntradaA2_V_read' <Predicate = true> <Delay = 0.00>
ST_1 : Operation 9 [1/1] (0.00ns)   --->   "%EntradaA1_V_read = call i18 @_ssdm_op_Read.ap_auto.i18(i18 %EntradaA1_V)" [CMFfixmult2.cpp:8]   --->   Operation 9 'read' 'EntradaA1_V_read' <Predicate = true> <Delay = 0.00>
ST_1 : Operation 10 [1/1] (0.00ns)   --->   "%r_V_cast = sext i18 %EntradaA1_V_read to i30" [CMFfixmult2.cpp:14]   --->   Operation 10 'sext' 'r_V_cast' <Predicate = true> <Delay = 0.00>
ST_1 : Operation 11 [1/1] (0.00ns)   --->   "%tmp_cast = sext i18 %EntradaA2_V_read to i30" [CMFfixmult2.cpp:14]   --->   Operation 11 'sext' 'tmp_cast' <Predicate = true> <Delay = 0.00>
ST_1 : Operation 12 [1/1] (7.18ns) (root node of the DSP)   --->   "%r_V = mul i30 %tmp_cast, %r_V_cast" [CMFfixmult2.cpp:14]   --->   Operation 12 'mul' 'r_V' <Predicate = true> <Delay = 7.18> <Core = "DSP48">   --->   Core 65 'DSP48' <Latency = 0> <II = 1> <Delay = 7.18> <IPBlock> <Opcode : 'mul' 'add' 'sub' 'select'> <InPorts = 0> <OutPorts = 1> <Sync> <CReg>
ST_1 : Operation 13 [1/1] (0.00ns)   --->   "%tmp_3 = call i18 @_ssdm_op_PartSelect.i18.i30.i32.i32(i30 %r_V, i32 12, i32 29)" [CMFfixmult2.cpp:14]   --->   Operation 13 'partselect' 'tmp_3' <Predicate = true> <Delay = 0.00>
ST_1 : Operation 14 [1/1] (0.00ns)   --->   "call void @_ssdm_op_Write.ap_auto.i18P(i18* %SaidaA1_V, i18 %tmp_3)" [CMFfixmult2.cpp:14]   --->   Operation 14 'write' <Predicate = true> <Delay = 0.00>
ST_1 : Operation 15 [1/1] (0.00ns)   --->   "call void @_ssdm_op_Write.ap_auto.i18P(i18* %SaidaA2_V, i18 %tmp_3)" [CMFfixmult2.cpp:15]   --->   Operation 15 'write' <Predicate = true> <Delay = 0.00>
ST_1 : Operation 16 [1/1] (0.00ns)   --->   "call void @_ssdm_op_Write.ap_auto.i9P(i9* %SaidaB1_V, i9 -159)" [CMFfixmult2.cpp:17]   --->   Operation 16 'write' <Predicate = true> <Delay = 0.00>
ST_1 : Operation 17 [1/1] (0.00ns)   --->   "ret void" [CMFfixmult2.cpp:19]   --->   Operation 17 'ret' <Predicate = true> <Delay = 0.00>


============================================================
+ Verbose Summary: Timing violations
============================================================
Target clock period: 10ns, clock uncertainty: 1.25ns.

 <State 1>: 7.18ns
The critical path consists of the following:
	wire read on port 'EntradaA2_V' (CMFfixmult2.cpp:8) [12]  (0 ns)
	'mul' operation of DSP[16] ('r.V', CMFfixmult2.cpp:14) [16]  (7.18 ns)


============================================================
+ Verbose Summary: Binding
============================================================
N/A
* FSMD analyzer results:
  - Output states:
 - Input state : 
  - Chain level:
	State 1


============================================================
+ Verbose Summary: Datapath Resource usage 
============================================================
N/A
