

================================================================
== Vivado HLS Report for 'CMFinterrupt2'
================================================================
* Date:           Tue Aug 25 18:01:49 2020

* Version:        2018.3 (Build 2405991 on Thu Dec 06 23:56:15 MST 2018)
* Project:        CMFinterrupt2
* Solution:       solution1
* Product family: aartix7
* Target device:  xa7a12tcsg325-1q


================================================================
== Performance Estimates
================================================================
+ Timing (ns): 
    * Summary: 
    +--------+-------+----------+------------+
    |  Clock | Target| Estimated| Uncertainty|
    +--------+-------+----------+------------+
    |ap_clk  |  10.00|     3.810|        1.25|
    +--------+-------+----------+------------+

+ Latency (clock cycles): 
    * Summary: 
    +-----+-----+-----+-----+---------+
    |  Latency  |  Interval | Pipeline|
    | min | max | min | max |   Type  |
    +-----+-----+-----+-----+---------+
    |    0|    0|    0|    0|   none  |
    +-----+-----+-----+-----+---------+

    + Detail: 
        * Instance: 
        N/A

        * Loop: 
        N/A



================================================================
== Utilization Estimates
================================================================
* Summary: 
+-----------------+---------+-------+-------+------+
|       Name      | BRAM_18K| DSP48E|   FF  |  LUT |
+-----------------+---------+-------+-------+------+
|DSP              |        -|      -|      -|     -|
|Expression       |        -|      -|      0|    31|
|FIFO             |        -|      -|      -|     -|
|Instance         |        -|      -|      -|     -|
|Memory           |        -|      -|      -|     -|
|Multiplexer      |        -|      -|      -|    15|
|Register         |        -|      -|     18|     -|
+-----------------+---------+-------+-------+------+
|Total            |        0|      0|     18|    46|
+-----------------+---------+-------+-------+------+
|Available        |       40|     40|  16000|  8000|
+-----------------+---------+-------+-------+------+
|Utilization (%)  |        0|      0|   ~0  |  ~0  |
+-----------------+---------+-------+-------+------+

+ Detail: 
    * Instance: 
    N/A

    * DSP48: 
    N/A

    * Memory: 
    N/A

    * FIFO: 
    N/A

    * Expression: 
    +----------------+----------+-------+---+----+------------+------------+
    |  Variable Name | Operation| DSP48E| FF| LUT| Bitwidth P0| Bitwidth P1|
    +----------------+----------+-------+---+----+------------+------------+
    |tmp_1_fu_76_p2  |     +    |      0|  0|  23|          16|           1|
    |tmp_fu_59_p2    |    xor   |      0|  0|   8|           1|           1|
    +----------------+----------+-------+---+----+------------+------------+
    |Total           |          |      0|  0|  31|          17|           2|
    +----------------+----------+-------+---+----+------------+------------+

    * Multiplexer: 
    +----------------------------------------+----+-----------+-----+-----------+
    |                  Name                  | LUT| Input Size| Bits| Total Bits|
    +----------------------------------------+----+-----------+-----+-----------+
    |ap_phi_mux_aux_saida2_loc_phi_fu_48_p4  |  15|          3|   16|         48|
    +----------------------------------------+----+-----------+-----+-----------+
    |Total                                   |  15|          3|   16|         48|
    +----------------------------------------+----+-----------+-----+-----------+

    * Register: 
    +------------+----+----+-----+-----------+
    |    Name    | FF | LUT| Bits| Const Bits|
    +------------+----+----+-----+-----------+
    |ap_CS_fsm   |   1|   0|    1|          0|
    |aux_saida2  |  16|   0|   16|          0|
    |aux_sinc    |   1|   0|    1|          0|
    +------------+----+----+-----+-----------+
    |Total       |  18|   0|   18|          0|
    +------------+----+----+-----+-----------+



================================================================
== Interface
================================================================
* Summary: 
+---------------+-----+-----+------------+---------------+--------------+
|   RTL Ports   | Dir | Bits|  Protocol  | Source Object |    C Type    |
+---------------+-----+-----+------------+---------------+--------------+
|ap_clk         |  in |    1| ap_ctrl_hs | CMFinterrupt2 | return value |
|ap_rst         |  in |    1| ap_ctrl_hs | CMFinterrupt2 | return value |
|ap_start       |  in |    1| ap_ctrl_hs | CMFinterrupt2 | return value |
|ap_done        | out |    1| ap_ctrl_hs | CMFinterrupt2 | return value |
|ap_idle        | out |    1| ap_ctrl_hs | CMFinterrupt2 | return value |
|ap_ready       | out |    1| ap_ctrl_hs | CMFinterrupt2 | return value |
|sinc           |  in |    1|   ap_none  |      sinc     |    scalar    |
|Saida1         | out |   16|   ap_vld   |     Saida1    |    pointer   |
|Saida1_ap_vld  | out |    1|   ap_vld   |     Saida1    |    pointer   |
|Saida2         | out |   16|   ap_vld   |     Saida2    |    pointer   |
|Saida2_ap_vld  | out |    1|   ap_vld   |     Saida2    |    pointer   |
+---------------+-----+-----+------------+---------------+--------------+

