

================================================================
== Vivado HLS Report for 'CMFfixMult2'
================================================================
* Date:           Sun Aug 16 11:54:04 2020

* Version:        2018.3 (Build 2405991 on Thu Dec 06 23:56:15 MST 2018)
* Project:        CMFfixmult2
* Solution:       solution1
* Product family: aartix7
* Target device:  xa7a12tcsg325-1q


================================================================
== Performance Estimates
================================================================
+ Timing (ns): 
    * Summary: 
    +--------+-------+----------+------------+
    |  Clock | Target| Estimated| Uncertainty|
    +--------+-------+----------+------------+
    |ap_clk  |  10.00|     7.180|        1.25|
    +--------+-------+----------+------------+

+ Latency (clock cycles): 
    * Summary: 
    +-----+-----+-----+-----+---------+
    |  Latency  |  Interval | Pipeline|
    | min | max | min | max |   Type  |
    +-----+-----+-----+-----+---------+
    |    0|    0|    0|    0|   none  |
    +-----+-----+-----+-----+---------+

    + Detail: 
        * Instance: 
        N/A

        * Loop: 
        N/A



================================================================
== Utilization Estimates
================================================================
* Summary: 
+-----------------+---------+-------+-------+------+
|       Name      | BRAM_18K| DSP48E|   FF  |  LUT |
+-----------------+---------+-------+-------+------+
|DSP              |        -|      1|      -|     -|
|Expression       |        -|      -|      -|     -|
|FIFO             |        -|      -|      -|     -|
|Instance         |        -|      -|      -|     -|
|Memory           |        -|      -|      -|     -|
|Multiplexer      |        -|      -|      -|     -|
|Register         |        -|      -|      -|     -|
+-----------------+---------+-------+-------+------+
|Total            |        0|      1|      0|     0|
+-----------------+---------+-------+-------+------+
|Available        |       40|     40|  16000|  8000|
+-----------------+---------+-------+-------+------+
|Utilization (%)  |        0|      2|      0|     0|
+-----------------+---------+-------+-------+------+

+ Detail: 
    * Instance: 
    N/A

    * DSP48: 
    +-------------------------+----------------------+-----------+
    |         Instance        |        Module        | Expression|
    +-------------------------+----------------------+-----------+
    |CMFfixMult2_mul_mbkb_U1  |CMFfixMult2_mul_mbkb  |  i0 * i1  |
    +-------------------------+----------------------+-----------+

    * Memory: 
    N/A

    * FIFO: 
    N/A

    * Expression: 
    N/A

    * Multiplexer: 
    N/A

    * Register: 
    N/A



================================================================
== Interface
================================================================
* Summary: 
+------------------+-----+-----+------------+--------------+--------------+
|     RTL Ports    | Dir | Bits|  Protocol  | Source Object|    C Type    |
+------------------+-----+-----+------------+--------------+--------------+
|ap_start          |  in |    1| ap_ctrl_hs |  CMFfixMult2 | return value |
|ap_done           | out |    1| ap_ctrl_hs |  CMFfixMult2 | return value |
|ap_idle           | out |    1| ap_ctrl_hs |  CMFfixMult2 | return value |
|ap_ready          | out |    1| ap_ctrl_hs |  CMFfixMult2 | return value |
|EntradaA1_V       |  in |   18|   ap_none  |  EntradaA1_V |    scalar    |
|EntradaA2_V       |  in |   18|   ap_none  |  EntradaA2_V |    scalar    |
|SaidaA1_V         | out |   18|   ap_vld   |   SaidaA1_V  |    pointer   |
|SaidaA1_V_ap_vld  | out |    1|   ap_vld   |   SaidaA1_V  |    pointer   |
|SaidaA2_V         | out |   18|   ap_vld   |   SaidaA2_V  |    pointer   |
|SaidaA2_V_ap_vld  | out |    1|   ap_vld   |   SaidaA2_V  |    pointer   |
|SaidaB1_V         | out |    9|   ap_vld   |   SaidaB1_V  |    pointer   |
|SaidaB1_V_ap_vld  | out |    1|   ap_vld   |   SaidaB1_V  |    pointer   |
+------------------+-----+-----+------------+--------------+--------------+

